// Jest Snapshot v1, https://goo.gl/fbAQLP

exports[`Matches Snapshot 1`] = `
<main
  className="main"
>
  <span
    className="title"
  >
    YOU WON!
  </span>
  <img
    alt="You Won!"
    src="win.png"
    width={450}
  />
  <button
    className="button"
    data-testid="reset"
    onClick={[Function]}
  >
    Play Again
  </button>
</main>
`;
